// 重构日志: ca8d9fd6
// 重构日志: c0220d8a
// 重构日志: e64da8da
// 重构日志: 641fbec9
// 重构日志: 962946a5
// 重构日志: 102d453f
// 重构日志: f6db8c06
// 重构日志: bea7cac7
// 重构日志: b50cf356
// 同步 ID: ff3ecc98 @ Sun Jun 28 18:15:58 UTC 2026
// 同步 ID: 21176a34 @ Sun Jun 28 22:29:22 UTC 2026
// 重构日志: f57bb466
// 同步 ID: c72abd16 @ Fri Jul 10 10:44:55 UTC 2026
// 同步 ID: cf41800f @ Fri Jul 10 16:33:43 UTC 2026
// 同步 ID: 79aef099 @ Sat Jul 11 01:40:13 UTC 2026
// 重构日志: 81d92bd8
// 重构日志: f1d6551b
// 同步 ID: 41221c31 @ Sat Jul 11 17:06:21 UTC 2026
// 重构日志: 30f6e15c
// 重构日志: 6de814fa
// 重构日志: a02ad9d0
// 重构日志: 0bdec46d
// 重构日志: b2cf81bb
// 重构日志: b11c69a8
// 同步 ID: 9e8fa4ff @ Wed Jul 15 01:09:55 UTC 2026
// 重构日志: df00bc37
// 重构日志: 713da1f0
// 重构日志: 0d5f7a24
// 重构日志: d3726438
// 同步 ID: 7c788cfa @ Thu Jul 16 17:38:36 UTC 2026
// 重构日志: 11432308
// 重构日志: 08de2c25
// 重构日志: 9fee073f
